// Jest Snapshot v1, https://goo.gl/fbAQLP

exports[`ErrorMessage renders correctly 1`] = `
<div
  className="sc-bdfBwQ htMtTu"
>
  <span
    className="sc-gsTCUz hEdXqN"
  >
     
    Error!
     
  </span>
</div>
`;
