// Jest Snapshot v1, https://goo.gl/fbAQLP

exports[`FormButton renders correctly 1`] = `
<button
  className="sc-bdfBwQ bJmxup"
>
  Add
</button>
`;
