// Jest Snapshot v1, https://goo.gl/fbAQLP

exports[`TitleName renders correctly 1`] = `
<h1
  className="sc-bdfBwQ eiuSuU"
>
  NewTitle
</h1>
`;
